// Jest Snapshot v1, https://goo.gl/fbAQLP

exports[`BeerList matches snapshot 1`] = `ReactWrapper {}`;
